2026-02-14 14:20:58 | INFO | Registros lidos: 4
2026-02-14 14:20:58 | INFO | Validos: 1
2026-02-14 14:20:58 | INFO | Invalidos: 3
2026-02-14 14:20:58 | INFO | Relatorios gerados em /reports
2026-02-14 14:20:58 | WARNING | Linha 2 | renda: não pode ser negativa (valor: -1000.00)
2026-02-14 14:20:58 | WARNING | Linha 3 | idade: valor vazio (valor: )
2026-02-14 14:20:58 | WARNING | Linha 4 | id: não é inteiro válido (valor: abc)
2026-02-14 14:20:58 | INFO | Execucao finalizada com sucesso.
2026-02-14 15:45:56 | INFO | Registros lidos: 4
2026-02-14 15:45:56 | INFO | Validos: 1
2026-02-14 15:45:56 | INFO | Invalidos: 3
2026-02-14 15:45:56 | INFO | Relatorios gerados em /reports
2026-02-14 15:45:56 | WARNING | Linha 2 | renda: não pode ser negativa (valor: -1000.00)
2026-02-14 15:45:56 | WARNING | Linha 3 | idade: valor vazio (valor: )
2026-02-14 15:45:56 | WARNING | Linha 4 | id: não é inteiro válido (valor: abc)
2026-02-14 15:45:56 | INFO | Execucao finalizada com sucesso.
2026-02-15 15:33:35 | INFO | Registros lidos: 4
2026-02-15 15:33:35 | INFO | Validos: 1
2026-02-15 15:33:35 | INFO | Invalidos: 3
2026-02-15 15:33:35 | INFO | Relatorios gerados em /reports
2026-02-15 15:33:35 | WARNING | Linha 2 | renda: não pode ser negativa (valor: -1000.00)
2026-02-15 15:33:35 | WARNING | Linha 3 | idade: valor vazio (valor: )
2026-02-15 15:33:35 | WARNING | Linha 4 | id: não é inteiro válido (valor: abc)
2026-02-15 15:33:35 | INFO | Execucao finalizada com sucesso.
2026-02-15 15:53:05 | INFO | Registros lidos: 4
2026-02-15 15:53:05 | INFO | Validos: 1
2026-02-15 15:53:05 | INFO | Invalidos: 3
2026-02-15 15:53:05 | INFO | Relatorios gerados em /reports
2026-02-15 15:53:05 | WARNING | Linha 2 | renda: não pode ser negativa (valor: -1000.00)
2026-02-15 15:53:05 | WARNING | Linha 3 | idade: valor vazio (valor: )
2026-02-15 15:53:05 | WARNING | Linha 4 | id: não é inteiro válido (valor: abc)
2026-02-15 15:53:05 | INFO | Execucao finalizada com sucesso.
2026-02-15 16:10:38 | INFO | Registros lidos: 4
2026-02-15 16:10:38 | INFO | Validos: 1
2026-02-15 16:10:38 | INFO | Invalidos: 3
2026-02-15 16:10:38 | INFO | Relatorios gerados em /reports
2026-02-15 16:10:38 | WARNING | Linha 2 | idade: fora do intervalo 0–120 (valor: 300)
2026-02-15 16:10:38 | WARNING | Linha 2 | renda: não pode ser negativa (valor: -1000.00)
2026-02-15 16:10:38 | WARNING | Linha 3 | idade: valor vazio (valor: )
2026-02-15 16:10:38 | WARNING | Linha 4 | id: não é inteiro válido (valor: abc)
2026-02-15 16:10:38 | INFO | Execucao finalizada com sucesso.
